Archive member included to satisfy reference by file (symbol)

e:/programs/progams/microship studio/7.0/toolchain/avr8/avr8-gnu-toolchain/bin/../lib/gcc/avr/5.4.0/../../../../avr/lib/avr5\libm.a(addsf3.o)
                              App/App.o (__addsf3)
e:/programs/progams/microship studio/7.0/toolchain/avr8/avr8-gnu-toolchain/bin/../lib/gcc/avr/5.4.0/../../../../avr/lib/avr5\libm.a(addsf3x.o)
                              e:/programs/progams/microship studio/7.0/toolchain/avr8/avr8-gnu-toolchain/bin/../lib/gcc/avr/5.4.0/../../../../avr/lib/avr5\libm.a(addsf3.o) (__addsf3x)
e:/programs/progams/microship studio/7.0/toolchain/avr8/avr8-gnu-toolchain/bin/../lib/gcc/avr/5.4.0/../../../../avr/lib/avr5\libm.a(cmpsf2.o)
                              App/App.o (__lesf2)
e:/programs/progams/microship studio/7.0/toolchain/avr8/avr8-gnu-toolchain/bin/../lib/gcc/avr/5.4.0/../../../../avr/lib/avr5\libm.a(divsf3.o)
                              Mcal/Timers/Timers.o (__divsf3)
e:/programs/progams/microship studio/7.0/toolchain/avr8/avr8-gnu-toolchain/bin/../lib/gcc/avr/5.4.0/../../../../avr/lib/avr5\libm.a(divsf3x.o)
                              e:/programs/progams/microship studio/7.0/toolchain/avr8/avr8-gnu-toolchain/bin/../lib/gcc/avr/5.4.0/../../../../avr/lib/avr5\libm.a(divsf3.o) (__divsf3x)
e:/programs/progams/microship studio/7.0/toolchain/avr8/avr8-gnu-toolchain/bin/../lib/gcc/avr/5.4.0/../../../../avr/lib/avr5\libm.a(fixunssfsi.o)
                              Mcal/Timers/Timers.o (__fixunssfsi)
e:/programs/progams/microship studio/7.0/toolchain/avr8/avr8-gnu-toolchain/bin/../lib/gcc/avr/5.4.0/../../../../avr/lib/avr5\libm.a(floatsisf.o)
                              Mcal/Timers/Timers.o (__floatunsisf)
e:/programs/progams/microship studio/7.0/toolchain/avr8/avr8-gnu-toolchain/bin/../lib/gcc/avr/5.4.0/../../../../avr/lib/avr5\libm.a(fp_cmp.o)
                              e:/programs/progams/microship studio/7.0/toolchain/avr8/avr8-gnu-toolchain/bin/../lib/gcc/avr/5.4.0/../../../../avr/lib/avr5\libm.a(cmpsf2.o) (__fp_cmp)
e:/programs/progams/microship studio/7.0/toolchain/avr8/avr8-gnu-toolchain/bin/../lib/gcc/avr/5.4.0/../../../../avr/lib/avr5\libm.a(fp_inf.o)
                              e:/programs/progams/microship studio/7.0/toolchain/avr8/avr8-gnu-toolchain/bin/../lib/gcc/avr/5.4.0/../../../../avr/lib/avr5\libm.a(addsf3x.o) (__fp_inf)
e:/programs/progams/microship studio/7.0/toolchain/avr8/avr8-gnu-toolchain/bin/../lib/gcc/avr/5.4.0/../../../../avr/lib/avr5\libm.a(fp_nan.o)
                              e:/programs/progams/microship studio/7.0/toolchain/avr8/avr8-gnu-toolchain/bin/../lib/gcc/avr/5.4.0/../../../../avr/lib/avr5\libm.a(addsf3x.o) (__fp_nan)
e:/programs/progams/microship studio/7.0/toolchain/avr8/avr8-gnu-toolchain/bin/../lib/gcc/avr/5.4.0/../../../../avr/lib/avr5\libm.a(fp_pscA.o)
                              e:/programs/progams/microship studio/7.0/toolchain/avr8/avr8-gnu-toolchain/bin/../lib/gcc/avr/5.4.0/../../../../avr/lib/avr5\libm.a(addsf3x.o) (__fp_pscA)
e:/programs/progams/microship studio/7.0/toolchain/avr8/avr8-gnu-toolchain/bin/../lib/gcc/avr/5.4.0/../../../../avr/lib/avr5\libm.a(fp_pscB.o)
                              e:/programs/progams/microship studio/7.0/toolchain/avr8/avr8-gnu-toolchain/bin/../lib/gcc/avr/5.4.0/../../../../avr/lib/avr5\libm.a(addsf3x.o) (__fp_pscB)
e:/programs/progams/microship studio/7.0/toolchain/avr8/avr8-gnu-toolchain/bin/../lib/gcc/avr/5.4.0/../../../../avr/lib/avr5\libm.a(fp_round.o)
                              e:/programs/progams/microship studio/7.0/toolchain/avr8/avr8-gnu-toolchain/bin/../lib/gcc/avr/5.4.0/../../../../avr/lib/avr5\libm.a(addsf3.o) (__fp_round)
e:/programs/progams/microship studio/7.0/toolchain/avr8/avr8-gnu-toolchain/bin/../lib/gcc/avr/5.4.0/../../../../avr/lib/avr5\libm.a(fp_split3.o)
                              e:/programs/progams/microship studio/7.0/toolchain/avr8/avr8-gnu-toolchain/bin/../lib/gcc/avr/5.4.0/../../../../avr/lib/avr5\libm.a(addsf3x.o) (__fp_split3)
e:/programs/progams/microship studio/7.0/toolchain/avr8/avr8-gnu-toolchain/bin/../lib/gcc/avr/5.4.0/../../../../avr/lib/avr5\libm.a(fp_zero.o)
                              e:/programs/progams/microship studio/7.0/toolchain/avr8/avr8-gnu-toolchain/bin/../lib/gcc/avr/5.4.0/../../../../avr/lib/avr5\libm.a(addsf3x.o) (__fp_zero)
e:/programs/progams/microship studio/7.0/toolchain/avr8/avr8-gnu-toolchain/bin/../lib/gcc/avr/5.4.0/../../../../avr/lib/avr5\libm.a(gesf2.o)
                              App/App.o (__gesf2)
e:/programs/progams/microship studio/7.0/toolchain/avr8/avr8-gnu-toolchain/bin/../lib/gcc/avr/5.4.0/../../../../avr/lib/avr5\libm.a(mulsf3.o)
                              Mcal/Timers/Timers.o (__mulsf3)
e:/programs/progams/microship studio/7.0/toolchain/avr8/avr8-gnu-toolchain/bin/../lib/gcc/avr/5.4.0/../../../../avr/lib/avr5\libm.a(mulsf3x.o)
                              e:/programs/progams/microship studio/7.0/toolchain/avr8/avr8-gnu-toolchain/bin/../lib/gcc/avr/5.4.0/../../../../avr/lib/avr5\libm.a(mulsf3.o) (__mulsf3x)
e:/programs/progams/microship studio/7.0/toolchain/avr8/avr8-gnu-toolchain/bin/../lib/gcc/avr/5.4.0/avr5\libgcc.a(_exit.o)
                              E:/programs/progams/Microship Studio/7.0/Packs/atmel/ATmega_DFP/1.7.374/gcc/dev/atmega32/avr5/crtatmega32.o (exit)
e:/programs/progams/microship studio/7.0/toolchain/avr8/avr8-gnu-toolchain/bin/../lib/gcc/avr/5.4.0/avr5\libgcc.a(_tablejump2.o)
                              Mcal/Timers/Timers.o (__tablejump2__)
e:/programs/progams/microship studio/7.0/toolchain/avr8/avr8-gnu-toolchain/bin/../lib/gcc/avr/5.4.0/avr5\libgcc.a(_copy_data.o)
                              App/App.o (__do_copy_data)
e:/programs/progams/microship studio/7.0/toolchain/avr8/avr8-gnu-toolchain/bin/../lib/gcc/avr/5.4.0/avr5\libgcc.a(_clear_bss.o)
                              App/App.o (__do_clear_bss)

Discarded input sections

 .data          0x00000000        0x0 E:/programs/progams/Microship Studio/7.0/Packs/atmel/ATmega_DFP/1.7.374/gcc/dev/atmega32/avr5/crtatmega32.o
 .bss           0x00000000        0x0 E:/programs/progams/Microship Studio/7.0/Packs/atmel/ATmega_DFP/1.7.374/gcc/dev/atmega32/avr5/crtatmega32.o
 .text          0x00000000        0x0 App/App.o
 .data          0x00000000        0x0 App/App.o
 .bss           0x00000000        0x0 App/App.o
 .text          0x00000000        0x0 Hal/Buttons/Buttons.o
 .data          0x00000000        0x0 Hal/Buttons/Buttons.o
 .bss           0x00000000        0x0 Hal/Buttons/Buttons.o
 .text          0x00000000        0x0 Hal/LED/LED.o
 .data          0x00000000        0x0 Hal/LED/LED.o
 .bss           0x00000000        0x0 Hal/LED/LED.o
 .text          0x00000000        0x0 main.o
 .data          0x00000000        0x0 main.o
 .bss           0x00000000        0x0 main.o
 .text          0x00000000        0x0 Mcal/DIO/DIO.o
 .data          0x00000000        0x0 Mcal/DIO/DIO.o
 .bss           0x00000000        0x0 Mcal/DIO/DIO.o
 .text          0x00000000        0x0 Mcal/Interrupts/ExtInterrupts.o
 .data          0x00000000        0x0 Mcal/Interrupts/ExtInterrupts.o
 .bss           0x00000000        0x0 Mcal/Interrupts/ExtInterrupts.o
 .text.Interrupts_DisableGlobalInterrupts
                0x00000000        0x8 Mcal/Interrupts/ExtInterrupts.o
 .text.Interrupts_DisableExtInterrupt
                0x00000000       0x24 Mcal/Interrupts/ExtInterrupts.o
 .text.Interrupts_RegisterCallbackExtInt1
                0x00000000        0xe Mcal/Interrupts/ExtInterrupts.o
 .text.Interrupts_RegisterCallbackExtInt2
                0x00000000        0xe Mcal/Interrupts/ExtInterrupts.o
 .text          0x00000000        0x0 Mcal/Timers/Timers.o
 .data          0x00000000        0x0 Mcal/Timers/Timers.o
 .bss           0x00000000        0x0 Mcal/Timers/Timers.o
 .text.Timer_IncCounterTimer0
                0x00000000       0x28 Mcal/Timers/Timers.o
 .text.Timer_GetValueTimer0
                0x00000000        0x4 Mcal/Timers/Timers.o
 .text.Timer_EnableTimer0OV
                0x00000000        0x8 Mcal/Timers/Timers.o
 .text.Timer_DisableTimer0OV
                0x00000000        0x8 Mcal/Timers/Timers.o
 .text.Timer_RegisterCallbackTimer0OV
                0x00000000        0xe Mcal/Timers/Timers.o
 .text.Timer_StartCountingTimer0
                0x00000000       0x38 Mcal/Timers/Timers.o
 .text.Timer_StopCountingTimer0
                0x00000000       0x40 Mcal/Timers/Timers.o
 .text.Timer_GetCounterTimeTimer0
                0x00000000       0x4a Mcal/Timers/Timers.o
 .text.Timer_BusyDelaymsTimer2
                0x00000000       0xb6 Mcal/Timers/Timers.o
 .bss.Timer0AccumulatedCounter
                0x00000000        0x4 Mcal/Timers/Timers.o
 .text          0x00000000        0x0 e:/programs/progams/microship studio/7.0/toolchain/avr8/avr8-gnu-toolchain/bin/../lib/gcc/avr/5.4.0/../../../../avr/lib/avr5\libm.a(addsf3.o)
 .data          0x00000000        0x0 e:/programs/progams/microship studio/7.0/toolchain/avr8/avr8-gnu-toolchain/bin/../lib/gcc/avr/5.4.0/../../../../avr/lib/avr5\libm.a(addsf3.o)
 .bss           0x00000000        0x0 e:/programs/progams/microship studio/7.0/toolchain/avr8/avr8-gnu-toolchain/bin/../lib/gcc/avr/5.4.0/../../../../avr/lib/avr5\libm.a(addsf3.o)
 .text          0x00000000        0x0 e:/programs/progams/microship studio/7.0/toolchain/avr8/avr8-gnu-toolchain/bin/../lib/gcc/avr/5.4.0/../../../../avr/lib/avr5\libm.a(addsf3x.o)
 .data          0x00000000        0x0 e:/programs/progams/microship studio/7.0/toolchain/avr8/avr8-gnu-toolchain/bin/../lib/gcc/avr/5.4.0/../../../../avr/lib/avr5\libm.a(addsf3x.o)
 .bss           0x00000000        0x0 e:/programs/progams/microship studio/7.0/toolchain/avr8/avr8-gnu-toolchain/bin/../lib/gcc/avr/5.4.0/../../../../avr/lib/avr5\libm.a(addsf3x.o)
 .text          0x00000000        0x0 e:/programs/progams/microship studio/7.0/toolchain/avr8/avr8-gnu-toolchain/bin/../lib/gcc/avr/5.4.0/../../../../avr/lib/avr5\libm.a(cmpsf2.o)
 .data          0x00000000        0x0 e:/programs/progams/microship studio/7.0/toolchain/avr8/avr8-gnu-toolchain/bin/../lib/gcc/avr/5.4.0/../../../../avr/lib/avr5\libm.a(cmpsf2.o)
 .bss           0x00000000        0x0 e:/programs/progams/microship studio/7.0/toolchain/avr8/avr8-gnu-toolchain/bin/../lib/gcc/avr/5.4.0/../../../../avr/lib/avr5\libm.a(cmpsf2.o)
 .text          0x00000000        0x0 e:/programs/progams/microship studio/7.0/toolchain/avr8/avr8-gnu-toolchain/bin/../lib/gcc/avr/5.4.0/../../../../avr/lib/avr5\libm.a(divsf3.o)
 .data          0x00000000        0x0 e:/programs/progams/microship studio/7.0/toolchain/avr8/avr8-gnu-toolchain/bin/../lib/gcc/avr/5.4.0/../../../../avr/lib/avr5\libm.a(divsf3.o)
 .bss           0x00000000        0x0 e:/programs/progams/microship studio/7.0/toolchain/avr8/avr8-gnu-toolchain/bin/../lib/gcc/avr/5.4.0/../../../../avr/lib/avr5\libm.a(divsf3.o)
 .text          0x00000000        0x0 e:/programs/progams/microship studio/7.0/toolchain/avr8/avr8-gnu-toolchain/bin/../lib/gcc/avr/5.4.0/../../../../avr/lib/avr5\libm.a(divsf3x.o)
 .data          0x00000000        0x0 e:/programs/progams/microship studio/7.0/toolchain/avr8/avr8-gnu-toolchain/bin/../lib/gcc/avr/5.4.0/../../../../avr/lib/avr5\libm.a(divsf3x.o)
 .bss           0x00000000        0x0 e:/programs/progams/microship studio/7.0/toolchain/avr8/avr8-gnu-toolchain/bin/../lib/gcc/avr/5.4.0/../../../../avr/lib/avr5\libm.a(divsf3x.o)
 .text          0x00000000        0x0 e:/programs/progams/microship studio/7.0/toolchain/avr8/avr8-gnu-toolchain/bin/../lib/gcc/avr/5.4.0/../../../../avr/lib/avr5\libm.a(fixunssfsi.o)
 .data          0x00000000        0x0 e:/programs/progams/microship studio/7.0/toolchain/avr8/avr8-gnu-toolchain/bin/../lib/gcc/avr/5.4.0/../../../../avr/lib/avr5\libm.a(fixunssfsi.o)
 .bss           0x00000000        0x0 e:/programs/progams/microship studio/7.0/toolchain/avr8/avr8-gnu-toolchain/bin/../lib/gcc/avr/5.4.0/../../../../avr/lib/avr5\libm.a(fixunssfsi.o)
 .text          0x00000000        0x0 e:/programs/progams/microship studio/7.0/toolchain/avr8/avr8-gnu-toolchain/bin/../lib/gcc/avr/5.4.0/../../../../avr/lib/avr5\libm.a(floatsisf.o)
 .data          0x00000000        0x0 e:/programs/progams/microship studio/7.0/toolchain/avr8/avr8-gnu-toolchain/bin/../lib/gcc/avr/5.4.0/../../../../avr/lib/avr5\libm.a(floatsisf.o)
 .bss           0x00000000        0x0 e:/programs/progams/microship studio/7.0/toolchain/avr8/avr8-gnu-toolchain/bin/../lib/gcc/avr/5.4.0/../../../../avr/lib/avr5\libm.a(floatsisf.o)
 .text          0x00000000        0x0 e:/programs/progams/microship studio/7.0/toolchain/avr8/avr8-gnu-toolchain/bin/../lib/gcc/avr/5.4.0/../../../../avr/lib/avr5\libm.a(fp_cmp.o)
 .data          0x00000000        0x0 e:/programs/progams/microship studio/7.0/toolchain/avr8/avr8-gnu-toolchain/bin/../lib/gcc/avr/5.4.0/../../../../avr/lib/avr5\libm.a(fp_cmp.o)
 .bss           0x00000000        0x0 e:/programs/progams/microship studio/7.0/toolchain/avr8/avr8-gnu-toolchain/bin/../lib/gcc/avr/5.4.0/../../../../avr/lib/avr5\libm.a(fp_cmp.o)
 .text          0x00000000        0x0 e:/programs/progams/microship studio/7.0/toolchain/avr8/avr8-gnu-toolchain/bin/../lib/gcc/avr/5.4.0/../../../../avr/lib/avr5\libm.a(fp_inf.o)
 .data          0x00000000        0x0 e:/programs/progams/microship studio/7.0/toolchain/avr8/avr8-gnu-toolchain/bin/../lib/gcc/avr/5.4.0/../../../../avr/lib/avr5\libm.a(fp_inf.o)
 .bss           0x00000000        0x0 e:/programs/progams/microship studio/7.0/toolchain/avr8/avr8-gnu-toolchain/bin/../lib/gcc/avr/5.4.0/../../../../avr/lib/avr5\libm.a(fp_inf.o)
 .text          0x00000000        0x0 e:/programs/progams/microship studio/7.0/toolchain/avr8/avr8-gnu-toolchain/bin/../lib/gcc/avr/5.4.0/../../../../avr/lib/avr5\libm.a(fp_nan.o)
 .data          0x00000000        0x0 e:/programs/progams/microship studio/7.0/toolchain/avr8/avr8-gnu-toolchain/bin/../lib/gcc/avr/5.4.0/../../../../avr/lib/avr5\libm.a(fp_nan.o)
 .bss           0x00000000        0x0 e:/programs/progams/microship studio/7.0/toolchain/avr8/avr8-gnu-toolchain/bin/../lib/gcc/avr/5.4.0/../../../../avr/lib/avr5\libm.a(fp_nan.o)
 .text          0x00000000        0x0 e:/programs/progams/microship studio/7.0/toolchain/avr8/avr8-gnu-toolchain/bin/../lib/gcc/avr/5.4.0/../../../../avr/lib/avr5\libm.a(fp_pscA.o)
 .data          0x00000000        0x0 e:/programs/progams/microship studio/7.0/toolchain/avr8/avr8-gnu-toolchain/bin/../lib/gcc/avr/5.4.0/../../../../avr/lib/avr5\libm.a(fp_pscA.o)
 .bss           0x00000000        0x0 e:/programs/progams/microship studio/7.0/toolchain/avr8/avr8-gnu-toolchain/bin/../lib/gcc/avr/5.4.0/../../../../avr/lib/avr5\libm.a(fp_pscA.o)
 .text          0x00000000        0x0 e:/programs/progams/microship studio/7.0/toolchain/avr8/avr8-gnu-toolchain/bin/../lib/gcc/avr/5.4.0/../../../../avr/lib/avr5\libm.a(fp_pscB.o)
 .data          0x00000000        0x0 e:/programs/progams/microship studio/7.0/toolchain/avr8/avr8-gnu-toolchain/bin/../lib/gcc/avr/5.4.0/../../../../avr/lib/avr5\libm.a(fp_pscB.o)
 .bss           0x00000000        0x0 e:/programs/progams/microship studio/7.0/toolchain/avr8/avr8-gnu-toolchain/bin/../lib/gcc/avr/5.4.0/../../../../avr/lib/avr5\libm.a(fp_pscB.o)
 .text          0x00000000        0x0 e:/programs/progams/microship studio/7.0/toolchain/avr8/avr8-gnu-toolchain/bin/../lib/gcc/avr/5.4.0/../../../../avr/lib/avr5\libm.a(fp_round.o)
 .data          0x00000000        0x0 e:/programs/progams/microship studio/7.0/toolchain/avr8/avr8-gnu-toolchain/bin/../lib/gcc/avr/5.4.0/../../../../avr/lib/avr5\libm.a(fp_round.o)
 .bss           0x00000000        0x0 e:/programs/progams/microship studio/7.0/toolchain/avr8/avr8-gnu-toolchain/bin/../lib/gcc/avr/5.4.0/../../../../avr/lib/avr5\libm.a(fp_round.o)
 .text          0x00000000        0x0 e:/programs/progams/microship studio/7.0/toolchain/avr8/avr8-gnu-toolchain/bin/../lib/gcc/avr/5.4.0/../../../../avr/lib/avr5\libm.a(fp_split3.o)
 .data          0x00000000        0x0 e:/programs/progams/microship studio/7.0/toolchain/avr8/avr8-gnu-toolchain/bin/../lib/gcc/avr/5.4.0/../../../../avr/lib/avr5\libm.a(fp_split3.o)
 .bss           0x00000000        0x0 e:/programs/progams/microship studio/7.0/toolchain/avr8/avr8-gnu-toolchain/bin/../lib/gcc/avr/5.4.0/../../../../avr/lib/avr5\libm.a(fp_split3.o)
 .text          0x00000000        0x0 e:/programs/progams/microship studio/7.0/toolchain/avr8/avr8-gnu-toolchain/bin/../lib/gcc/avr/5.4.0/../../../../avr/lib/avr5\libm.a(fp_zero.o)
 .data          0x00000000        0x0 e:/programs/progams/microship studio/7.0/toolchain/avr8/avr8-gnu-toolchain/bin/../lib/gcc/avr/5.4.0/../../../../avr/lib/avr5\libm.a(fp_zero.o)
 .bss           0x00000000        0x0 e:/programs/progams/microship studio/7.0/toolchain/avr8/avr8-gnu-toolchain/bin/../lib/gcc/avr/5.4.0/../../../../avr/lib/avr5\libm.a(fp_zero.o)
 .text          0x00000000        0x0 e:/programs/progams/microship studio/7.0/toolchain/avr8/avr8-gnu-toolchain/bin/../lib/gcc/avr/5.4.0/../../../../avr/lib/avr5\libm.a(gesf2.o)
 .data          0x00000000        0x0 e:/programs/progams/microship studio/7.0/toolchain/avr8/avr8-gnu-toolchain/bin/../lib/gcc/avr/5.4.0/../../../../avr/lib/avr5\libm.a(gesf2.o)
 .bss           0x00000000        0x0 e:/programs/progams/microship studio/7.0/toolchain/avr8/avr8-gnu-toolchain/bin/../lib/gcc/avr/5.4.0/../../../../avr/lib/avr5\libm.a(gesf2.o)
 .text          0x00000000        0x0 e:/programs/progams/microship studio/7.0/toolchain/avr8/avr8-gnu-toolchain/bin/../lib/gcc/avr/5.4.0/../../../../avr/lib/avr5\libm.a(mulsf3.o)
 .data          0x00000000        0x0 e:/programs/progams/microship studio/7.0/toolchain/avr8/avr8-gnu-toolchain/bin/../lib/gcc/avr/5.4.0/../../../../avr/lib/avr5\libm.a(mulsf3.o)
 .bss           0x00000000        0x0 e:/programs/progams/microship studio/7.0/toolchain/avr8/avr8-gnu-toolchain/bin/../lib/gcc/avr/5.4.0/../../../../avr/lib/avr5\libm.a(mulsf3.o)
 .text          0x00000000        0x0 e:/programs/progams/microship studio/7.0/toolchain/avr8/avr8-gnu-toolchain/bin/../lib/gcc/avr/5.4.0/../../../../avr/lib/avr5\libm.a(mulsf3x.o)
 .data          0x00000000        0x0 e:/programs/progams/microship studio/7.0/toolchain/avr8/avr8-gnu-toolchain/bin/../lib/gcc/avr/5.4.0/../../../../avr/lib/avr5\libm.a(mulsf3x.o)
 .bss           0x00000000        0x0 e:/programs/progams/microship studio/7.0/toolchain/avr8/avr8-gnu-toolchain/bin/../lib/gcc/avr/5.4.0/../../../../avr/lib/avr5\libm.a(mulsf3x.o)
 .text          0x00000000        0x0 e:/programs/progams/microship studio/7.0/toolchain/avr8/avr8-gnu-toolchain/bin/../lib/gcc/avr/5.4.0/avr5\libgcc.a(_exit.o)
 .data          0x00000000        0x0 e:/programs/progams/microship studio/7.0/toolchain/avr8/avr8-gnu-toolchain/bin/../lib/gcc/avr/5.4.0/avr5\libgcc.a(_exit.o)
 .bss           0x00000000        0x0 e:/programs/progams/microship studio/7.0/toolchain/avr8/avr8-gnu-toolchain/bin/../lib/gcc/avr/5.4.0/avr5\libgcc.a(_exit.o)
 .text.libgcc.mul
                0x00000000        0x0 e:/programs/progams/microship studio/7.0/toolchain/avr8/avr8-gnu-toolchain/bin/../lib/gcc/avr/5.4.0/avr5\libgcc.a(_exit.o)
 .text.libgcc.div
                0x00000000        0x0 e:/programs/progams/microship studio/7.0/toolchain/avr8/avr8-gnu-toolchain/bin/../lib/gcc/avr/5.4.0/avr5\libgcc.a(_exit.o)
 .text.libgcc   0x00000000        0x0 e:/programs/progams/microship studio/7.0/toolchain/avr8/avr8-gnu-toolchain/bin/../lib/gcc/avr/5.4.0/avr5\libgcc.a(_exit.o)
 .text.libgcc.prologue
                0x00000000        0x0 e:/programs/progams/microship studio/7.0/toolchain/avr8/avr8-gnu-toolchain/bin/../lib/gcc/avr/5.4.0/avr5\libgcc.a(_exit.o)
 .text.libgcc.builtins
                0x00000000        0x0 e:/programs/progams/microship studio/7.0/toolchain/avr8/avr8-gnu-toolchain/bin/../lib/gcc/avr/5.4.0/avr5\libgcc.a(_exit.o)
 .text.libgcc.fmul
                0x00000000        0x0 e:/programs/progams/microship studio/7.0/toolchain/avr8/avr8-gnu-toolchain/bin/../lib/gcc/avr/5.4.0/avr5\libgcc.a(_exit.o)
 .text.libgcc.fixed
                0x00000000        0x0 e:/programs/progams/microship studio/7.0/toolchain/avr8/avr8-gnu-toolchain/bin/../lib/gcc/avr/5.4.0/avr5\libgcc.a(_exit.o)
 .text          0x00000000        0x0 e:/programs/progams/microship studio/7.0/toolchain/avr8/avr8-gnu-toolchain/bin/../lib/gcc/avr/5.4.0/avr5\libgcc.a(_tablejump2.o)
 .data          0x00000000        0x0 e:/programs/progams/microship studio/7.0/toolchain/avr8/avr8-gnu-toolchain/bin/../lib/gcc/avr/5.4.0/avr5\libgcc.a(_tablejump2.o)
 .bss           0x00000000        0x0 e:/programs/progams/microship studio/7.0/toolchain/avr8/avr8-gnu-toolchain/bin/../lib/gcc/avr/5.4.0/avr5\libgcc.a(_tablejump2.o)
 .text.libgcc.mul
                0x00000000        0x0 e:/programs/progams/microship studio/7.0/toolchain/avr8/avr8-gnu-toolchain/bin/../lib/gcc/avr/5.4.0/avr5\libgcc.a(_tablejump2.o)
 .text.libgcc.div
                0x00000000        0x0 e:/programs/progams/microship studio/7.0/toolchain/avr8/avr8-gnu-toolchain/bin/../lib/gcc/avr/5.4.0/avr5\libgcc.a(_tablejump2.o)
 .text.libgcc.prologue
                0x00000000        0x0 e:/programs/progams/microship studio/7.0/toolchain/avr8/avr8-gnu-toolchain/bin/../lib/gcc/avr/5.4.0/avr5\libgcc.a(_tablejump2.o)
 .text.libgcc.builtins
                0x00000000        0x0 e:/programs/progams/microship studio/7.0/toolchain/avr8/avr8-gnu-toolchain/bin/../lib/gcc/avr/5.4.0/avr5\libgcc.a(_tablejump2.o)
 .text.libgcc.fmul
                0x00000000        0x0 e:/programs/progams/microship studio/7.0/toolchain/avr8/avr8-gnu-toolchain/bin/../lib/gcc/avr/5.4.0/avr5\libgcc.a(_tablejump2.o)
 .text.libgcc.fixed
                0x00000000        0x0 e:/programs/progams/microship studio/7.0/toolchain/avr8/avr8-gnu-toolchain/bin/../lib/gcc/avr/5.4.0/avr5\libgcc.a(_tablejump2.o)
 .text          0x00000000        0x0 e:/programs/progams/microship studio/7.0/toolchain/avr8/avr8-gnu-toolchain/bin/../lib/gcc/avr/5.4.0/avr5\libgcc.a(_copy_data.o)
 .data          0x00000000        0x0 e:/programs/progams/microship studio/7.0/toolchain/avr8/avr8-gnu-toolchain/bin/../lib/gcc/avr/5.4.0/avr5\libgcc.a(_copy_data.o)
 .bss           0x00000000        0x0 e:/programs/progams/microship studio/7.0/toolchain/avr8/avr8-gnu-toolchain/bin/../lib/gcc/avr/5.4.0/avr5\libgcc.a(_copy_data.o)
 .text.libgcc.mul
                0x00000000        0x0 e:/programs/progams/microship studio/7.0/toolchain/avr8/avr8-gnu-toolchain/bin/../lib/gcc/avr/5.4.0/avr5\libgcc.a(_copy_data.o)
 .text.libgcc.div
                0x00000000        0x0 e:/programs/progams/microship studio/7.0/toolchain/avr8/avr8-gnu-toolchain/bin/../lib/gcc/avr/5.4.0/avr5\libgcc.a(_copy_data.o)
 .text.libgcc   0x00000000        0x0 e:/programs/progams/microship studio/7.0/toolchain/avr8/avr8-gnu-toolchain/bin/../lib/gcc/avr/5.4.0/avr5\libgcc.a(_copy_data.o)
 .text.libgcc.prologue
                0x00000000        0x0 e:/programs/progams/microship studio/7.0/toolchain/avr8/avr8-gnu-toolchain/bin/../lib/gcc/avr/5.4.0/avr5\libgcc.a(_copy_data.o)
 .text.libgcc.builtins
                0x00000000        0x0 e:/programs/progams/microship studio/7.0/toolchain/avr8/avr8-gnu-toolchain/bin/../lib/gcc/avr/5.4.0/avr5\libgcc.a(_copy_data.o)
 .text.libgcc.fmul
                0x00000000        0x0 e:/programs/progams/microship studio/7.0/toolchain/avr8/avr8-gnu-toolchain/bin/../lib/gcc/avr/5.4.0/avr5\libgcc.a(_copy_data.o)
 .text.libgcc.fixed
                0x00000000        0x0 e:/programs/progams/microship studio/7.0/toolchain/avr8/avr8-gnu-toolchain/bin/../lib/gcc/avr/5.4.0/avr5\libgcc.a(_copy_data.o)
 .text          0x00000000        0x0 e:/programs/progams/microship studio/7.0/toolchain/avr8/avr8-gnu-toolchain/bin/../lib/gcc/avr/5.4.0/avr5\libgcc.a(_clear_bss.o)
 .data          0x00000000        0x0 e:/programs/progams/microship studio/7.0/toolchain/avr8/avr8-gnu-toolchain/bin/../lib/gcc/avr/5.4.0/avr5\libgcc.a(_clear_bss.o)
 .bss           0x00000000        0x0 e:/programs/progams/microship studio/7.0/toolchain/avr8/avr8-gnu-toolchain/bin/../lib/gcc/avr/5.4.0/avr5\libgcc.a(_clear_bss.o)
 .text.libgcc.mul
                0x00000000        0x0 e:/programs/progams/microship studio/7.0/toolchain/avr8/avr8-gnu-toolchain/bin/../lib/gcc/avr/5.4.0/avr5\libgcc.a(_clear_bss.o)
 .text.libgcc.div
                0x00000000        0x0 e:/programs/progams/microship studio/7.0/toolchain/avr8/avr8-gnu-toolchain/bin/../lib/gcc/avr/5.4.0/avr5\libgcc.a(_clear_bss.o)
 .text.libgcc   0x00000000        0x0 e:/programs/progams/microship studio/7.0/toolchain/avr8/avr8-gnu-toolchain/bin/../lib/gcc/avr/5.4.0/avr5\libgcc.a(_clear_bss.o)
 .text.libgcc.prologue
                0x00000000        0x0 e:/programs/progams/microship studio/7.0/toolchain/avr8/avr8-gnu-toolchain/bin/../lib/gcc/avr/5.4.0/avr5\libgcc.a(_clear_bss.o)
 .text.libgcc.builtins
                0x00000000        0x0 e:/programs/progams/microship studio/7.0/toolchain/avr8/avr8-gnu-toolchain/bin/../lib/gcc/avr/5.4.0/avr5\libgcc.a(_clear_bss.o)
 .text.libgcc.fmul
                0x00000000        0x0 e:/programs/progams/microship studio/7.0/toolchain/avr8/avr8-gnu-toolchain/bin/../lib/gcc/avr/5.4.0/avr5\libgcc.a(_clear_bss.o)
 .text.libgcc.fixed
                0x00000000        0x0 e:/programs/progams/microship studio/7.0/toolchain/avr8/avr8-gnu-toolchain/bin/../lib/gcc/avr/5.4.0/avr5\libgcc.a(_clear_bss.o)

Memory Configuration

Name             Origin             Length             Attributes
text             0x00000000         0x00008000         xr
data             0x00800060         0x00000800         rw !x
eeprom           0x00810000         0x00000400         rw !x
fuse             0x00820000         0x00000002         rw !x
lock             0x00830000         0x00000400         rw !x
signature        0x00840000         0x00000400         rw !x
user_signatures  0x00850000         0x00000400         rw !x
*default*        0x00000000         0xffffffff

Linker script and memory map

LOAD E:/programs/progams/Microship Studio/7.0/Packs/atmel/ATmega_DFP/1.7.374/gcc/dev/atmega32/avr5/crtatmega32.o
LOAD App/App.o
LOAD Hal/Buttons/Buttons.o
LOAD Hal/LED/LED.o
LOAD main.o
LOAD Mcal/DIO/DIO.o
LOAD Mcal/Interrupts/ExtInterrupts.o
LOAD Mcal/Timers/Timers.o
START GROUP
LOAD e:/programs/progams/microship studio/7.0/toolchain/avr8/avr8-gnu-toolchain/bin/../lib/gcc/avr/5.4.0/../../../../avr/lib/avr5\libm.a
END GROUP
START GROUP
LOAD e:/programs/progams/microship studio/7.0/toolchain/avr8/avr8-gnu-toolchain/bin/../lib/gcc/avr/5.4.0/avr5\libgcc.a
LOAD e:/programs/progams/microship studio/7.0/toolchain/avr8/avr8-gnu-toolchain/bin/../lib/gcc/avr/5.4.0/../../../../avr/lib/avr5\libm.a
LOAD e:/programs/progams/microship studio/7.0/toolchain/avr8/avr8-gnu-toolchain/bin/../lib/gcc/avr/5.4.0/../../../../avr/lib/avr5\libc.a
LOAD E:/programs/progams/Microship Studio/7.0/Packs/atmel/ATmega_DFP/1.7.374/gcc/dev/atmega32/avr5\libatmega32.a
END GROUP
                0x00000000                __TEXT_REGION_ORIGIN__ = DEFINED (__TEXT_REGION_ORIGIN__)?__TEXT_REGION_ORIGIN__:0x0
                [0x00800060]                __DATA_REGION_ORIGIN__ = DEFINED (__DATA_REGION_ORIGIN__)?__DATA_REGION_ORIGIN__:0x800060
                [0x00008000]                __TEXT_REGION_LENGTH__ = DEFINED (__TEXT_REGION_LENGTH__)?__TEXT_REGION_LENGTH__:0x20000
                [0x00000800]                __DATA_REGION_LENGTH__ = DEFINED (__DATA_REGION_LENGTH__)?__DATA_REGION_LENGTH__:0xffa0
                [0x00000400]                __EEPROM_REGION_LENGTH__ = DEFINED (__EEPROM_REGION_LENGTH__)?__EEPROM_REGION_LENGTH__:0x10000
                [0x00000002]                __FUSE_REGION_LENGTH__ = DEFINED (__FUSE_REGION_LENGTH__)?__FUSE_REGION_LENGTH__:0x400
                0x00000400                __LOCK_REGION_LENGTH__ = DEFINED (__LOCK_REGION_LENGTH__)?__LOCK_REGION_LENGTH__:0x400
                0x00000400                __SIGNATURE_REGION_LENGTH__ = DEFINED (__SIGNATURE_REGION_LENGTH__)?__SIGNATURE_REGION_LENGTH__:0x400
                0x00000400                __USER_SIGNATURE_REGION_LENGTH__ = DEFINED (__USER_SIGNATURE_REGION_LENGTH__)?__USER_SIGNATURE_REGION_LENGTH__:0x400

.hash
 *(.hash)

.dynsym
 *(.dynsym)

.dynstr
 *(.dynstr)

.gnu.version
 *(.gnu.version)

.gnu.version_d
 *(.gnu.version_d)

.gnu.version_r
 *(.gnu.version_r)

.rel.init
 *(.rel.init)

.rela.init
 *(.rela.init)

.rel.text
 *(.rel.text)
 *(.rel.text.*)
 *(.rel.gnu.linkonce.t*)

.rela.text
 *(.rela.text)
 *(.rela.text.*)
 *(.rela.gnu.linkonce.t*)

.rel.fini
 *(.rel.fini)

.rela.fini
 *(.rela.fini)

.rel.rodata
 *(.rel.rodata)
 *(.rel.rodata.*)
 *(.rel.gnu.linkonce.r*)

.rela.rodata
 *(.rela.rodata)
 *(.rela.rodata.*)
 *(.rela.gnu.linkonce.r*)

.rel.data
 *(.rel.data)
 *(.rel.data.*)
 *(.rel.gnu.linkonce.d*)

.rela.data
 *(.rela.data)
 *(.rela.data.*)
 *(.rela.gnu.linkonce.d*)

.rel.ctors
 *(.rel.ctors)

.rela.ctors
 *(.rela.ctors)

.rel.dtors
 *(.rel.dtors)

.rela.dtors
 *(.rela.dtors)

.rel.got
 *(.rel.got)

.rela.got
 *(.rela.got)

.rel.bss
 *(.rel.bss)

.rela.bss
 *(.rela.bss)

.rel.plt
 *(.rel.plt)

.rela.plt
 *(.rela.plt)

.text           0x00000000     0x15e4
 *(.vectors)
 .vectors       0x00000000       0x54 E:/programs/progams/Microship Studio/7.0/Packs/atmel/ATmega_DFP/1.7.374/gcc/dev/atmega32/avr5/crtatmega32.o
                0x00000000                __vector_default
                0x00000000                __vectors
 *(.vectors)
 *(.progmem.gcc*)
 .progmem.gcc_sw_table.Timer_StartTimer2
                0x00000054        0xe Mcal/Timers/Timers.o
                0x00000062                . = ALIGN (0x2)
                0x00000062                __trampolines_start = .
 *(.trampolines)
 .trampolines   0x00000062        0x0 linker stubs
 *(.trampolines*)
                0x00000062                __trampolines_end = .
 *libprintf_flt.a:*(.progmem.data)
 *libc.a:*(.progmem.data)
 *(.progmem*)
                0x00000062                . = ALIGN (0x2)
 *(.jumptables)
 *(.jumptables*)
 *(.lowtext)
 *(.lowtext*)
                0x00000062                __ctors_start = .
 *(.ctors)
                0x00000062                __ctors_end = .
                0x00000062                __dtors_start = .
 *(.dtors)
                0x00000062                __dtors_end = .
 SORT(*)(.ctors)
 SORT(*)(.dtors)
 *(.init0)
 .init0         0x00000062        0x0 E:/programs/progams/Microship Studio/7.0/Packs/atmel/ATmega_DFP/1.7.374/gcc/dev/atmega32/avr5/crtatmega32.o
                0x00000062                __init
 *(.init0)
 *(.init1)
 *(.init1)
 *(.init2)
 .init2         0x00000062        0xc E:/programs/progams/Microship Studio/7.0/Packs/atmel/ATmega_DFP/1.7.374/gcc/dev/atmega32/avr5/crtatmega32.o
 *(.init2)
 *(.init3)
 *(.init3)
 *(.init4)
 .init4         0x0000006e       0x16 e:/programs/progams/microship studio/7.0/toolchain/avr8/avr8-gnu-toolchain/bin/../lib/gcc/avr/5.4.0/avr5\libgcc.a(_copy_data.o)
                0x0000006e                __do_copy_data
 .init4         0x00000084       0x10 e:/programs/progams/microship studio/7.0/toolchain/avr8/avr8-gnu-toolchain/bin/../lib/gcc/avr/5.4.0/avr5\libgcc.a(_clear_bss.o)
                0x00000084                __do_clear_bss
 *(.init4)
 *(.init5)
 *(.init5)
 *(.init6)
 *(.init6)
 *(.init7)
 *(.init7)
 *(.init8)
 *(.init8)
 *(.init9)
 .init9         0x00000094        0x8 E:/programs/progams/Microship Studio/7.0/Packs/atmel/ATmega_DFP/1.7.374/gcc/dev/atmega32/avr5/crtatmega32.o
 *(.init9)
 *(.text)
 .text          0x0000009c        0x4 E:/programs/progams/Microship Studio/7.0/Packs/atmel/ATmega_DFP/1.7.374/gcc/dev/atmega32/avr5/crtatmega32.o
                0x0000009c                __vector_12
                0x0000009c                __bad_interrupt
                0x0000009c                __vector_6
                0x0000009c                __vector_13
                0x0000009c                __vector_17
                0x0000009c                __vector_19
                0x0000009c                __vector_7
                0x0000009c                __vector_4
                0x0000009c                __vector_9
                0x0000009c                __vector_15
                0x0000009c                __vector_8
                0x0000009c                __vector_14
                0x0000009c                __vector_10
                0x0000009c                __vector_16
                0x0000009c                __vector_18
                0x0000009c                __vector_20
                0x000000a0                . = ALIGN (0x2)
 *(.text.*)
 .text.ButtonResponse
                0x000000a0       0x5e App/App.o
                0x000000a0                ButtonResponse
 .text.ChangeToGreen
                0x000000fe       0x2a App/App.o
                0x000000fe                ChangeToGreen
 .text.ChangeToYellow
                0x00000128       0x2c App/App.o
                0x00000128                ChangeToYellow
 .text.ChangeToRed
                0x00000154       0x2a App/App.o
                0x00000154                ChangeToRed
 .text.ToggleYellowLight
                0x0000017e       0x1c App/App.o
                0x0000017e                ToggleYellowLight
 .text.AppInit  0x0000019a       0x26 App/App.o
                0x0000019a                AppInit
 .text.AppRun   0x000001c0      0x51a App/App.o
                0x000001c0                AppRun
 .text.Buttons_Init
                0x000006da       0x14 Hal/Buttons/Buttons.o
                0x000006da                Buttons_Init
 .text.Buttons_Start
                0x000006ee        0xc Hal/Buttons/Buttons.o
                0x000006ee                Buttons_Start
 .text.Buttons_GetButtonState
                0x000006fa        0xa Hal/Buttons/Buttons.o
                0x000006fa                Buttons_GetButtonState
 .text.LED_InitLEDs
                0x00000704       0x3e Hal/LED/LED.o
                0x00000704                LED_InitLEDs
 .text.LED_TurnOnLED
                0x00000742       0x64 Hal/LED/LED.o
                0x00000742                LED_TurnOnLED
 .text.LED_TurnOffLED
                0x000007a6       0x64 Hal/LED/LED.o
                0x000007a6                LED_TurnOffLED
 .text.LED_ToggleLED
                0x0000080a       0x58 Hal/LED/LED.o
                0x0000080a                LED_ToggleLED
 .text.main     0x00000862        0xa main.o
                0x00000862                main
 .text.DIO_InitPin
                0x0000086c       0xea Mcal/DIO/DIO.o
                0x0000086c                DIO_InitPin
 .text.DIO_WritePin
                0x00000956       0xea Mcal/DIO/DIO.o
                0x00000956                DIO_WritePin
 .text.DIO_TogglePin
                0x00000a40       0x68 Mcal/DIO/DIO.o
                0x00000a40                DIO_TogglePin
 .text.DIO_ReadPin
                0x00000aa8      0x112 Mcal/DIO/DIO.o
                0x00000aa8                DIO_ReadPin
 .text.Interrupts_EnableGlobalInterrupts
                0x00000bba        0x8 Mcal/Interrupts/ExtInterrupts.o
                0x00000bba                Interrupts_EnableGlobalInterrupts
 .text.Interrupts_EnableExtInterrupt
                0x00000bc2       0x24 Mcal/Interrupts/ExtInterrupts.o
                0x00000bc2                Interrupts_EnableExtInterrupt
 .text.Interrupts_ConfigExtInterrupt
                0x00000be6       0xb6 Mcal/Interrupts/ExtInterrupts.o
                0x00000be6                Interrupts_ConfigExtInterrupt
 .text.Interrupts_RegisterCallbackExtInt0
                0x00000c9c        0xe Mcal/Interrupts/ExtInterrupts.o
                0x00000c9c                Interrupts_RegisterCallbackExtInt0
 .text.__vector_1
                0x00000caa       0x52 Mcal/Interrupts/ExtInterrupts.o
                0x00000caa                __vector_1
 .text.__vector_2
                0x00000cfc       0x5a Mcal/Interrupts/ExtInterrupts.o
                0x00000cfc                __vector_2
 .text.__vector_3
                0x00000d56       0x5a Mcal/Interrupts/ExtInterrupts.o
                0x00000d56                __vector_3
 .text.Timer_IncCounterTimer2
                0x00000db0       0x28 Mcal/Timers/Timers.o
 .text.__vector_11
                0x00000dd8       0x52 Mcal/Timers/Timers.o
                0x00000dd8                __vector_11
 .text.__vector_5
                0x00000e2a       0x52 Mcal/Timers/Timers.o
                0x00000e2a                __vector_5
 .text.Timer_ConfigTimer0
                0x00000e7c       0x32 Mcal/Timers/Timers.o
                0x00000e7c                Timer_ConfigTimer0
 .text.Timer_SetValueTimer0
                0x00000eae        0x4 Mcal/Timers/Timers.o
                0x00000eae                Timer_SetValueTimer0
 .text.Timer_StartTimer0
                0x00000eb2       0x4c Mcal/Timers/Timers.o
                0x00000eb2                Timer_StartTimer0
 .text.Timer_StopTimer0
                0x00000efe        0x8 Mcal/Timers/Timers.o
                0x00000efe                Timer_StopTimer0
 .text.Timer_ResetOverFlowFlagTimer0
                0x00000f06        0x8 Mcal/Timers/Timers.o
                0x00000f06                Timer_ResetOverFlowFlagTimer0
 .text.Timer_GetStateTimer0
                0x00000f0e        0x6 Mcal/Timers/Timers.o
                0x00000f0e                Timer_GetStateTimer0
 .text.Timer_BusyDelaymsTimer0
                0x00000f14       0xb6 Mcal/Timers/Timers.o
                0x00000f14                Timer_BusyDelaymsTimer0
 .text.Timer_ConfigTimer2
                0x00000fca       0x32 Mcal/Timers/Timers.o
                0x00000fca                Timer_ConfigTimer2
 .text.Timer_SetValueTimer2
                0x00000ffc        0x4 Mcal/Timers/Timers.o
                0x00000ffc                Timer_SetValueTimer2
 .text.Timer_StartTimer2
                0x00001000       0x56 Mcal/Timers/Timers.o
                0x00001000                Timer_StartTimer2
 .text.Timer_StopTimer2
                0x00001056        0x8 Mcal/Timers/Timers.o
                0x00001056                Timer_StopTimer2
 .text.Timer_ResetOverFlowFlagTimer2
                0x0000105e        0x8 Mcal/Timers/Timers.o
                0x0000105e                Timer_ResetOverFlowFlagTimer2
 .text.Timer_GetStateTimer2
                0x00001066       0x1c Mcal/Timers/Timers.o
                0x00001066                Timer_GetStateTimer2
 .text.Timer_GetValueTimer2
                0x00001082        0x4 Mcal/Timers/Timers.o
                0x00001082                Timer_GetValueTimer2
 .text.Timer_EnableTimer2OV
                0x00001086        0x8 Mcal/Timers/Timers.o
                0x00001086                Timer_EnableTimer2OV
 .text.Timer_DisableTimer2OV
                0x0000108e        0x8 Mcal/Timers/Timers.o
                0x0000108e                Timer_DisableTimer2OV
 .text.Timer_RegisterCallbackTimer2OV
                0x00001096        0xe Mcal/Timers/Timers.o
                0x00001096                Timer_RegisterCallbackTimer2OV
 .text.Timer_StartCountingTimer2
                0x000010a4       0x38 Mcal/Timers/Timers.o
                0x000010a4                Timer_StartCountingTimer2
 .text.Timer_StopCountingTimer2
                0x000010dc       0x40 Mcal/Timers/Timers.o
                0x000010dc                Timer_StopCountingTimer2
 .text.Timer_GetCounterTimeTimer2
                0x0000111c       0x4a Mcal/Timers/Timers.o
                0x0000111c                Timer_GetCounterTimeTimer2
 .text.avr-libc.fplib
                0x00001166        0xe e:/programs/progams/microship studio/7.0/toolchain/avr8/avr8-gnu-toolchain/bin/../lib/gcc/avr/5.4.0/../../../../avr/lib/avr5\libm.a(addsf3.o)
                0x00001166                __subsf3
                0x00001168                __addsf3
 .text.avr-libc.fplib
                0x00001174       0xcc e:/programs/progams/microship studio/7.0/toolchain/avr8/avr8-gnu-toolchain/bin/../lib/gcc/avr/5.4.0/../../../../avr/lib/avr5\libm.a(addsf3x.o)
                0x00001196                __addsf3x
 .text.avr-libc.fplib
                0x00001240        0xa e:/programs/progams/microship studio/7.0/toolchain/avr8/avr8-gnu-toolchain/bin/../lib/gcc/avr/5.4.0/../../../../avr/lib/avr5\libm.a(cmpsf2.o)
                0x00001240                __nesf2
                0x00001240                __eqsf2
                0x00001240                __cmpsf2
                0x00001240                __ltsf2
                0x00001240                __lesf2
 .text.avr-libc.fplib
                0x0000124a        0x8 e:/programs/progams/microship studio/7.0/toolchain/avr8/avr8-gnu-toolchain/bin/../lib/gcc/avr/5.4.0/../../../../avr/lib/avr5\libm.a(divsf3.o)
                0x0000124a                __divsf3
 .text.avr-libc.fplib
                0x00001252       0xdc e:/programs/progams/microship studio/7.0/toolchain/avr8/avr8-gnu-toolchain/bin/../lib/gcc/avr/5.4.0/../../../../avr/lib/avr5\libm.a(divsf3x.o)
                0x00001272                __divsf3x
                0x00001278                __divsf3_pse
 .text.avr-libc.fplib
                0x0000132e       0x5e e:/programs/progams/microship studio/7.0/toolchain/avr8/avr8-gnu-toolchain/bin/../lib/gcc/avr/5.4.0/../../../../avr/lib/avr5\libm.a(fixunssfsi.o)
                0x0000132e                __fixunssfsi
 .text.avr-libc.fplib
                0x0000138c       0x7a e:/programs/progams/microship studio/7.0/toolchain/avr8/avr8-gnu-toolchain/bin/../lib/gcc/avr/5.4.0/../../../../avr/lib/avr5\libm.a(floatsisf.o)
                0x0000138c                __floatunsisf
                0x00001390                __floatsisf
 .text.avr-libc.fplib
                0x00001406       0x48 e:/programs/progams/microship studio/7.0/toolchain/avr8/avr8-gnu-toolchain/bin/../lib/gcc/avr/5.4.0/../../../../avr/lib/avr5\libm.a(fp_cmp.o)
                0x00001406                __fp_cmp
 .text.avr-libc.fplib
                0x0000144e        0xc e:/programs/progams/microship studio/7.0/toolchain/avr8/avr8-gnu-toolchain/bin/../lib/gcc/avr/5.4.0/../../../../avr/lib/avr5\libm.a(fp_inf.o)
                0x0000144e                __fp_inf
 .text.avr-libc.fplib
                0x0000145a        0x6 e:/programs/progams/microship studio/7.0/toolchain/avr8/avr8-gnu-toolchain/bin/../lib/gcc/avr/5.4.0/../../../../avr/lib/avr5\libm.a(fp_nan.o)
                0x0000145a                __fp_nan
 .text.avr-libc.fplib
                0x00001460        0xe e:/programs/progams/microship studio/7.0/toolchain/avr8/avr8-gnu-toolchain/bin/../lib/gcc/avr/5.4.0/../../../../avr/lib/avr5\libm.a(fp_pscA.o)
                0x00001460                __fp_pscA
 .text.avr-libc.fplib
                0x0000146e        0xe e:/programs/progams/microship studio/7.0/toolchain/avr8/avr8-gnu-toolchain/bin/../lib/gcc/avr/5.4.0/../../../../avr/lib/avr5\libm.a(fp_pscB.o)
                0x0000146e                __fp_pscB
 .text.avr-libc.fplib
                0x0000147c       0x22 e:/programs/progams/microship studio/7.0/toolchain/avr8/avr8-gnu-toolchain/bin/../lib/gcc/avr/5.4.0/../../../../avr/lib/avr5\libm.a(fp_round.o)
                0x0000147c                __fp_round
 .text.avr-libc.fplib
                0x0000149e       0x44 e:/programs/progams/microship studio/7.0/toolchain/avr8/avr8-gnu-toolchain/bin/../lib/gcc/avr/5.4.0/../../../../avr/lib/avr5\libm.a(fp_split3.o)
                0x0000149e                __fp_split3
                0x000014ae                __fp_splitA
 .text.avr-libc.fplib
                0x000014e2        0xe e:/programs/progams/microship studio/7.0/toolchain/avr8/avr8-gnu-toolchain/bin/../lib/gcc/avr/5.4.0/../../../../avr/lib/avr5\libm.a(fp_zero.o)
                0x000014e2                __fp_zero
                0x000014e4                __fp_szero
 .text.avr-libc.fplib
                0x000014f0        0xa e:/programs/progams/microship studio/7.0/toolchain/avr8/avr8-gnu-toolchain/bin/../lib/gcc/avr/5.4.0/../../../../avr/lib/avr5\libm.a(gesf2.o)
                0x000014f0                __gesf2
                0x000014f0                __gtsf2
 .text.avr-libc.fplib
                0x000014fa        0x8 e:/programs/progams/microship studio/7.0/toolchain/avr8/avr8-gnu-toolchain/bin/../lib/gcc/avr/5.4.0/../../../../avr/lib/avr5\libm.a(mulsf3.o)
                0x000014fa                __mulsf3
 .text.avr-libc.fplib
                0x00001502       0xd2 e:/programs/progams/microship studio/7.0/toolchain/avr8/avr8-gnu-toolchain/bin/../lib/gcc/avr/5.4.0/../../../../avr/lib/avr5\libm.a(mulsf3x.o)
                0x00001520                __mulsf3x
                0x00001526                __mulsf3_pse
 .text.libgcc   0x000015d4        0xc e:/programs/progams/microship studio/7.0/toolchain/avr8/avr8-gnu-toolchain/bin/../lib/gcc/avr/5.4.0/avr5\libgcc.a(_tablejump2.o)
                0x000015d4                __tablejump2__
                0x000015e0                . = ALIGN (0x2)
 *(.fini9)
 .fini9         0x000015e0        0x0 e:/programs/progams/microship studio/7.0/toolchain/avr8/avr8-gnu-toolchain/bin/../lib/gcc/avr/5.4.0/avr5\libgcc.a(_exit.o)
                0x000015e0                _exit
                0x000015e0                exit
 *(.fini9)
 *(.fini8)
 *(.fini8)
 *(.fini7)
 *(.fini7)
 *(.fini6)
 *(.fini6)
 *(.fini5)
 *(.fini5)
 *(.fini4)
 *(.fini4)
 *(.fini3)
 *(.fini3)
 *(.fini2)
 *(.fini2)
 *(.fini1)
 *(.fini1)
 *(.fini0)
 .fini0         0x000015e0        0x4 e:/programs/progams/microship studio/7.0/toolchain/avr8/avr8-gnu-toolchain/bin/../lib/gcc/avr/5.4.0/avr5\libgcc.a(_exit.o)
 *(.fini0)
                0x000015e4                _etext = .

.data           0x00800060        0x2 load address 0x000015e4
                0x00800060                PROVIDE (__data_start, .)
 *(.data)
 *(.data*)
 .data.CarsLight
                0x00800060        0x1 App/App.o
 *(.gnu.linkonce.d*)
 *(.rodata)
 *(.rodata*)
 *(.gnu.linkonce.r*)
                0x00800062                . = ALIGN (0x2)
 *fill*         0x00800061        0x1 
                0x00800062                _edata = .
                0x00800062                PROVIDE (__data_end, .)

.bss            0x00800062       0x19
                0x00800062                PROVIDE (__bss_start, .)
 *(.bss)
 *(.bss*)
 .bss.BlinkTimer
                0x00800062        0x4 App/App.o
 .bss.LightsTimer
                0x00800066        0x4 App/App.o
 .bss.YellowState
                0x0080006a        0x1 App/App.o
 .bss.PrevTrafficState
                0x0080006b        0x1 App/App.o
 .bss.TrafficState
                0x0080006c        0x1 App/App.o
 .bss.ExtInterrupt2CallBackPtr
                0x0080006d        0x2 Mcal/Interrupts/ExtInterrupts.o
 .bss.ExtInterrupt1CallBackPtr
                0x0080006f        0x2 Mcal/Interrupts/ExtInterrupts.o
 .bss.ExtInterrupt0CallBackPtr
                0x00800071        0x2 Mcal/Interrupts/ExtInterrupts.o
 .bss.Timer2OVFCallBackPtr
                0x00800073        0x2 Mcal/Timers/Timers.o
 .bss.Timer0OVFCallBackPtr
                0x00800075        0x2 Mcal/Timers/Timers.o
 .bss.Timer2AccumulatedCounter
                0x00800077        0x4 Mcal/Timers/Timers.o
 *(COMMON)
                0x0080007b                PROVIDE (__bss_end, .)
                0x000015e4                __data_load_start = LOADADDR (.data)
                0x000015e6                __data_load_end = (__data_load_start + SIZEOF (.data))

.noinit         0x0080007b        0x0
                [!provide]                PROVIDE (__noinit_start, .)
 *(.noinit*)
                [!provide]                PROVIDE (__noinit_end, .)
                0x0080007b                _end = .
                [!provide]                PROVIDE (__heap_start, .)

.eeprom         0x00810000        0x0
 *(.eeprom*)
                0x00810000                __eeprom_end = .

.fuse
 *(.fuse)
 *(.lfuse)
 *(.hfuse)
 *(.efuse)

.lock
 *(.lock*)

.signature
 *(.signature*)

.user_signatures
 *(.user_signatures*)

.stab
 *(.stab)

.stabstr
 *(.stabstr)

.stab.excl
 *(.stab.excl)

.stab.exclstr
 *(.stab.exclstr)

.stab.index
 *(.stab.index)

.stab.indexstr
 *(.stab.indexstr)

.comment        0x00000000       0x30
 *(.comment)
 .comment       0x00000000       0x30 App/App.o
                                 0x31 (size before relaxing)
 .comment       0x00000030       0x31 Hal/Buttons/Buttons.o
 .comment       0x00000030       0x31 Hal/LED/LED.o
 .comment       0x00000030       0x31 main.o
 .comment       0x00000030       0x31 Mcal/DIO/DIO.o
 .comment       0x00000030       0x31 Mcal/Interrupts/ExtInterrupts.o
 .comment       0x00000030       0x31 Mcal/Timers/Timers.o

.note.gnu.avr.deviceinfo
                0x00000000       0x3c
 .note.gnu.avr.deviceinfo
                0x00000000       0x3c E:/programs/progams/Microship Studio/7.0/Packs/atmel/ATmega_DFP/1.7.374/gcc/dev/atmega32/avr5/crtatmega32.o

.note.gnu.build-id
 *(.note.gnu.build-id)

.debug
 *(.debug)

.line
 *(.line)

.debug_srcinfo
 *(.debug_srcinfo)

.debug_sfnames
 *(.debug_sfnames)

.debug_aranges  0x00000000      0x298
 *(.debug_aranges)
 .debug_aranges
                0x00000000       0x50 App/App.o
 .debug_aranges
                0x00000050       0x30 Hal/Buttons/Buttons.o
 .debug_aranges
                0x00000080       0x38 Hal/LED/LED.o
 .debug_aranges
                0x000000b8       0x20 main.o
 .debug_aranges
                0x000000d8       0x38 Mcal/DIO/DIO.o
 .debug_aranges
                0x00000110       0x70 Mcal/Interrupts/ExtInterrupts.o
 .debug_aranges
                0x00000180      0x118 Mcal/Timers/Timers.o

.debug_pubnames
 *(.debug_pubnames)

.debug_info     0x00000000     0x1af9
 *(.debug_info .gnu.linkonce.wi.*)
 .debug_info    0x00000000      0x4e6 E:/programs/progams/Microship Studio/7.0/Packs/atmel/ATmega_DFP/1.7.374/gcc/dev/atmega32/avr5/crtatmega32.o
 .debug_info    0x000004e6      0x5be App/App.o
 .debug_info    0x00000aa4      0x17a Hal/Buttons/Buttons.o
 .debug_info    0x00000c1e      0x3a9 Hal/LED/LED.o
 .debug_info    0x00000fc7       0xa7 main.o
 .debug_info    0x0000106e      0x166 Mcal/DIO/DIO.o
 .debug_info    0x000011d4      0x227 Mcal/Interrupts/ExtInterrupts.o
 .debug_info    0x000013fb      0x6fe Mcal/Timers/Timers.o

.debug_abbrev   0x00000000      0xa9c
 *(.debug_abbrev)
 .debug_abbrev  0x00000000      0x4a3 E:/programs/progams/Microship Studio/7.0/Packs/atmel/ATmega_DFP/1.7.374/gcc/dev/atmega32/avr5/crtatmega32.o
 .debug_abbrev  0x000004a3      0x103 App/App.o
 .debug_abbrev  0x000005a6       0xb9 Hal/Buttons/Buttons.o
 .debug_abbrev  0x0000065f       0x8d Hal/LED/LED.o
 .debug_abbrev  0x000006ec       0x68 main.o
 .debug_abbrev  0x00000754       0x8f Mcal/DIO/DIO.o
 .debug_abbrev  0x000007e3       0xc1 Mcal/Interrupts/ExtInterrupts.o
 .debug_abbrev  0x000008a4      0x1f8 Mcal/Timers/Timers.o

.debug_line     0x00000000     0x1256
 *(.debug_line .debug_line.* .debug_line_end)
 .debug_line    0x00000000      0x116 E:/programs/progams/Microship Studio/7.0/Packs/atmel/ATmega_DFP/1.7.374/gcc/dev/atmega32/avr5/crtatmega32.o
 .debug_line    0x00000116      0x42a App/App.o
 .debug_line    0x00000540      0x113 Hal/Buttons/Buttons.o
 .debug_line    0x00000653      0x1b4 Hal/LED/LED.o
 .debug_line    0x00000807       0x5b main.o
 .debug_line    0x00000862      0x1d6 Mcal/DIO/DIO.o
 .debug_line    0x00000a38      0x280 Mcal/Interrupts/ExtInterrupts.o
 .debug_line    0x00000cb8      0x59e Mcal/Timers/Timers.o

.debug_frame    0x00000000      0x688
 *(.debug_frame)
 .debug_frame   0x00000000       0xa8 App/App.o
 .debug_frame   0x000000a8       0x44 Hal/Buttons/Buttons.o
 .debug_frame   0x000000ec       0x54 Hal/LED/LED.o
 .debug_frame   0x00000140       0x24 main.o
 .debug_frame   0x00000164       0x54 Mcal/DIO/DIO.o
 .debug_frame   0x000001b8      0x19c Mcal/Interrupts/ExtInterrupts.o
 .debug_frame   0x00000354      0x334 Mcal/Timers/Timers.o

.debug_str      0x00000000      0xa69
 *(.debug_str)
 .debug_str     0x00000000      0x196 E:/programs/progams/Microship Studio/7.0/Packs/atmel/ATmega_DFP/1.7.374/gcc/dev/atmega32/avr5/crtatmega32.o
 .debug_str     0x00000196      0x369 App/App.o
                                0x39e (size before relaxing)
 .debug_str     0x000004ff       0x99 Hal/Buttons/Buttons.o
                                0x212 (size before relaxing)
 .debug_str     0x00000598       0x34 Hal/LED/LED.o
                                0x1bf (size before relaxing)
 .debug_str     0x000005cc       0x11 main.o
                                0x161 (size before relaxing)
 .debug_str     0x000005dd       0x37 Mcal/DIO/DIO.o
                                0x1b7 (size before relaxing)
 .debug_str     0x00000614      0x13d Mcal/Interrupts/ExtInterrupts.o
                                0x305 (size before relaxing)
 .debug_str     0x00000751      0x318 Mcal/Timers/Timers.o
                                0x4fc (size before relaxing)

.debug_loc      0x00000000     0x1085
 *(.debug_loc)
 .debug_loc     0x00000000       0x91 App/App.o
 .debug_loc     0x00000091       0x26 Hal/Buttons/Buttons.o
 .debug_loc     0x000000b7      0x1da Hal/LED/LED.o
 .debug_loc     0x00000291      0x303 Mcal/DIO/DIO.o
 .debug_loc     0x00000594      0x409 Mcal/Interrupts/ExtInterrupts.o
 .debug_loc     0x0000099d      0x6e8 Mcal/Timers/Timers.o

.debug_macinfo
 *(.debug_macinfo)

.debug_weaknames
 *(.debug_weaknames)

.debug_funcnames
 *(.debug_funcnames)

.debug_typenames
 *(.debug_typenames)

.debug_varnames
 *(.debug_varnames)

.debug_pubtypes
 *(.debug_pubtypes)

.debug_ranges   0x00000000      0x228
 *(.debug_ranges)
 .debug_ranges  0x00000000       0x40 App/App.o
 .debug_ranges  0x00000040       0x20 Hal/Buttons/Buttons.o
 .debug_ranges  0x00000060       0x28 Hal/LED/LED.o
 .debug_ranges  0x00000088       0x10 main.o
 .debug_ranges  0x00000098       0x28 Mcal/DIO/DIO.o
 .debug_ranges  0x000000c0       0x60 Mcal/Interrupts/ExtInterrupts.o
 .debug_ranges  0x00000120      0x108 Mcal/Timers/Timers.o

.debug_macro
 *(.debug_macro)
OUTPUT(TrafficLights.elf elf32-avr)
LOAD linker stubs
